Microsoft (R) Macro Assembler Version 6.11		    09/09/26 13:13:22
.\src\template.asm					     Page 1 - 1


				;	Author:	Mr TM Modiba
				.386
				.MODEL FLAT ; Flat memory model
				.STACK 4096 ; 4096 bytes

				include	io.inc
			      C ;
			      C ; Simple I/O Routines - Version 2
			      C ;
			      C 
			      C IFNDEF IO_INC
 = 1			      C IO_INC equ <1>
			      C 
			      C OutputStr PROTO NEAR32 STDCALL :DWORD
			      C OutputInt PROTO NEAR32 STDCALL :DWORD
			      C OutputFloat PROTO NEAR32 STDCALL :DWORD
			      C OutputFloat8 PROTO NEAR32 STDCALL :QWORD
			      C InputInt PROTO NEAR32 STDCALL
			      C InputStr PROTO NEAR32 STDCALL :DWORD, :DWORD
			      C 
			      C ELSE
			      C ENDIF
			      C 

				; Exit function
				ExitProcess PROTO NEAR32 stdcall, dwExitCode:DWORD

				; The data section stores all global variables
 00000000			.DATA

 00000000 00000017		number DWORD 23
 00000004 00000000		result DWORD ?

				; The code section may contain multiple tags such as _start, which is the entry
				; point of this assembly program
 00000000			.CODE
 00000000			_start:
 00000000  A1 00000000 R		MOV eax, number
 00000005  83 C0 01			ADD eax, 1
 00000008  A3 00000004 R		MOV result, eax
					INVOKE OutputInt, result


					; We call the Operating System ExitProcess system call to close the process.
					INVOKE ExitProcess, 0
 0000001F			Public _start
				END
Microsoft (R) Macro Assembler Version 6.11		    09/09/26 13:13:22
.\src\template.asm					     Symbols 2 - 1




Segments and Groups:

                N a m e                 Size     Length   Align   Combine Class

FLAT . . . . . . . . . . . . . .	GROUP
STACK  . . . . . . . . . . . . .	32 Bit	 00001000 DWord	  Stack	  'STACK'	 
_DATA  . . . . . . . . . . . . .	32 Bit	 00000008 DWord	  Public  'DATA'	
_TEXT  . . . . . . . . . . . . .	32 Bit	 0000001F DWord	  Public  'CODE'	


Procedures,  parameters and locals:

                N a m e                 Type     Value    Attr

$$$$$$00001  . . . . . . . . . .	P Near	 00000000 _TEXT	Length= 0000001F Private
ExitProcess  . . . . . . . . . .	P Near	 00000000 FLAT	Length= 00000000 External STDCALL
InputInt . . . . . . . . . . . .	P Near	 00000000 FLAT	Length= 00000000 External STDCALL
InputStr . . . . . . . . . . . .	P Near	 00000000 FLAT	Length= 00000000 External STDCALL
OutputFloat8 . . . . . . . . . .	P Near	 00000000 FLAT	Length= 00000000 External STDCALL
OutputFloat  . . . . . . . . . .	P Near	 00000000 FLAT	Length= 00000000 External STDCALL
OutputInt  . . . . . . . . . . .	P Near	 00000000 FLAT	Length= 00000000 External STDCALL
OutputStr  . . . . . . . . . . .	P Near	 00000000 FLAT	Length= 00000000 External STDCALL


Symbols:

                N a m e                 Type     Value    Attr

@CodeSize  . . . . . . . . . . .	Number	 00000000h   
@DataSize  . . . . . . . . . . .	Number	 00000000h   
@Interface . . . . . . . . . . .	Number	 00000000h   
@Model . . . . . . . . . . . . .	Number	 00000007h   
@code  . . . . . . . . . . . . .	Text   	 _TEXT
@data  . . . . . . . . . . . . .	Text   	 FLAT
@fardata?  . . . . . . . . . . .	Text   	 FLAT
@fardata . . . . . . . . . . . .	Text   	 FLAT
@stack . . . . . . . . . . . . .	Text   	 FLAT
IO_INC . . . . . . . . . . . . .	Text   	 1
_start . . . . . . . . . . . . .	L Near	 00000000 _TEXT	Public
number . . . . . . . . . . . . .	DWord	 00000000 _DATA	
result . . . . . . . . . . . . .	DWord	 00000004 _DATA	

	   0 Warnings
	   0 Errors
